../TFLite/tensorflow/lite/core/api/op_resolver.h:43:35:virtual tflite::OpResolver::TfLiteDelegatePtrVector tflite::OpResolver::GetDelegates(int) const	0	static
../Core/Src/main.cpp:153:37:void __tcf_0()	0	static
../TFLite/tensorflow/lite/micro/micro_mutable_op_resolver.h:40:29:const TfLiteRegistration* tflite::MicroMutableOpResolver<tOpCount>::FindOp(tflite::BuiltinOperator) const [with unsigned int tOpCount = 6]	0	static
../TFLite/tensorflow/lite/micro/micro_mutable_op_resolver.h:35:7:tflite::MicroMutableOpResolver<6>::~MicroMutableOpResolver()	0	static
../Core/Src/main.cpp:218:76:void __tcf_1()	0	static
../TFLite/tensorflow/lite/micro/micro_mutable_op_resolver.h:35:7:virtual tflite::MicroMutableOpResolver<6>::~MicroMutableOpResolver()	8	static
../TFLite/tensorflow/lite/micro/micro_mutable_op_resolver.h:63:41:TfLiteStatus (* tflite::MicroMutableOpResolver<tOpCount>::GetOpDataParser(tflite::BuiltinOperator) const)(const tflite::Operator*, tflite::ErrorReporter*, tflite::BuiltinDataAllocator*, void**) [with unsigned int tOpCount = 6]	8	static
../TFLite/tensorflow/lite/micro/micro_mutable_op_resolver.h:52:29:const TfLiteRegistration* tflite::MicroMutableOpResolver<tOpCount>::FindOp(const char*) const [with unsigned int tOpCount = 6]	16	static
../TFLite/tensorflow/lite/micro/micro_op_resolver.h:53:29:virtual const TfLiteRegistration* tflite::MicroOpResolver::FindOp(tflite::BuiltinOperator, int) const	8	static
../TFLite/tensorflow/lite/micro/micro_op_resolver.h:60:29:virtual const TfLiteRegistration* tflite::MicroOpResolver::FindOp(const char*, int) const	16	static
../Core/Src/main.cpp:73:1:int __io_putchar(int)	16	static
../Core/Src/main.cpp:493:6:void SystemClock_Config()	248	static
../Core/Src/main.cpp:118:5:int main()	2392	static
../Core/Src/main.cpp:600:6:void Error_Handler()	0	static
