../TFLite/tensorflow/lite/micro/kernels/activations.cc:132:7:void* tflite::ops::micro::activations::ReluInit(TfLiteContext*, const char*, size_t)	8	static
../TFLite/tensorflow/lite/micro/kernels/activations.cc:195:7:void* tflite::ops::micro::activations::Relu6Init(TfLiteContext*, const char*, size_t)	8	static
../TFLite/tensorflow/lite/micro/kernels/activations.cc:200:14:TfLiteStatus tflite::ops::micro::activations::Relu6Prepare(TfLiteContext*, TfLiteNode*)	32	static
../TFLite/tensorflow/lite/micro/kernels/activations.cc:137:14:TfLiteStatus tflite::ops::micro::activations::ReluPrepare(TfLiteContext*, TfLiteNode*)	96	static
../TFLite/tensorflow/lite/micro/kernels/activations.cc:220:14:TfLiteStatus tflite::ops::micro::activations::Relu6Eval(TfLiteContext*, TfLiteNode*)	168	static
../TFLite/tensorflow/lite/micro/kernels/activations.cc:155:14:TfLiteStatus tflite::ops::micro::activations::ReluEval(TfLiteContext*, TfLiteNode*)	192	static
../TFLite/tensorflow/lite/micro/kernels/activations.cc:264:20:TfLiteRegistration tflite::ops::micro::Register_RELU()	8	static
../TFLite/tensorflow/lite/micro/kernels/activations.cc:275:20:TfLiteRegistration tflite::ops::micro::Register_RELU6()	8	static
