../TFLite/tensorflow/lite/micro/kernels/concatenation.cc:128:7:void* tflite::ops::micro::concatenation::Init(TfLiteContext*, const char*, size_t)	8	static
../TFLite/tensorflow/lite/micro/kernels/concatenation.cc:133:14:TfLiteStatus tflite::ops::micro::concatenation::Prepare(TfLiteContext*, TfLiteNode*)	64	static
../TFLite/tensorflow/lite/micro/kernels/concatenation.cc:107:6:void tflite::ops::micro::concatenation::EvalQuantizedUInt8(TfLiteContext*, TfLiteNode*)	448	static
../TFLite/tensorflow/lite/micro/kernels/concatenation.cc:263:20:TfLiteRegistration tflite::ops::micro::Register_CONCATENATION()	8	static
../TFLite/tensorflow/lite/micro/kernels/concatenation.cc:87:6:void tflite::ops::micro::concatenation::EvalUnquantized(TfLiteContext*, TfLiteNode*) [with data_type = float]	416	static
../TFLite/tensorflow/lite/micro/kernels/concatenation.cc:87:6:void tflite::ops::micro::concatenation::EvalUnquantized(TfLiteContext*, TfLiteNode*) [with data_type = long int]	416	static
../TFLite/tensorflow/lite/micro/kernels/concatenation.cc:87:6:void tflite::ops::micro::concatenation::EvalUnquantized(TfLiteContext*, TfLiteNode*) [with data_type = signed char]	424	static
../TFLite/tensorflow/lite/micro/kernels/concatenation.cc:87:6:void tflite::ops::micro::concatenation::EvalUnquantized(TfLiteContext*, TfLiteNode*) [with data_type = long long int]	416	static
../TFLite/tensorflow/lite/micro/kernels/concatenation.cc:229:14:TfLiteStatus tflite::ops::micro::concatenation::Eval(TfLiteContext*, TfLiteNode*)	24	static
