../TFLite/tensorflow/lite/micro/kernels/dequantize.cc:41:7:void* tflite::ops::micro::dequantize::Init(TfLiteContext*, const char*, size_t)	8	static
../TFLite/tensorflow/lite/micro/kernels/dequantize.cc:46:14:TfLiteStatus tflite::ops::micro::dequantize::Prepare(TfLiteContext*, TfLiteNode*)	48	static
../TFLite/tensorflow/lite/micro/kernels/dequantize.cc:79:14:TfLiteStatus tflite::ops::micro::dequantize::Eval(TfLiteContext*, TfLiteNode*)	240	static
../TFLite/tensorflow/lite/micro/kernels/dequantize.cc:153:20:TfLiteRegistration tflite::ops::micro::Register_DEQUANTIZE()	8	static
