../TFLite/tensorflow/lite/micro/kernels/logistic.cc:72:7:void* tflite::ops::micro::activations::LogisticInit(TfLiteContext*, const char*, size_t)	8	static
../TFLite/tensorflow/lite/micro/kernels/logistic.cc:77:14:TfLiteStatus tflite::ops::micro::activations::LogisticPrepare(TfLiteContext*, TfLiteNode*)	40	static
../TFLite/tensorflow/lite/micro/kernels/logistic.cc:138:20:TfLiteRegistration tflite::ops::micro::Register_LOGISTIC()	8	static
../TFLite/third_party/gemmlowp/fixedpoint/fixedpoint.h:842:25:gemmlowp::FixedPoint<tRawType, 0> gemmlowp::one_over_one_plus_x_for_x_in_0_1(gemmlowp::FixedPoint<tRawType, 0>) [with tRawType = long int]	12	static
../TFLite/third_party/gemmlowp/fixedpoint/fixedpoint.h:721:25:gemmlowp::FixedPoint<tRawType, 0> gemmlowp::exp_on_interval_between_negative_one_quarter_and_0_excl(gemmlowp::FixedPoint<tRawType, 0>) [with tRawType = long int]	16	static
../TFLite/third_party/gemmlowp/fixedpoint/fixedpoint.h:746:25:gemmlowp::FixedPoint<tRawType, 0> gemmlowp::exp_on_negative_values(gemmlowp::FixedPoint<tRawType, tIntegerBits_a>) [with tRawType = long int; int tIntegerBits = 4]	16	static
../TFLite/tensorflow/lite/micro/kernels/logistic.cc:84:14:TfLiteStatus tflite::ops::micro::activations::LogisticEval(TfLiteContext*, TfLiteNode*)	144	static
