../TFLite/tensorflow/lite/micro/kernels/quantize.cc:38:7:void* tflite::{anonymous}::Init(TfLiteContext*, const char*, size_t)	8	static
../TFLite/tensorflow/lite/micro/kernels/quantize.cc:43:14:TfLiteStatus tflite::{anonymous}::Prepare(TfLiteContext*, TfLiteNode*)	48	static
../TFLite/tensorflow/lite/micro/kernels/quantize.cc:89:14:TfLiteStatus tflite::{anonymous}::Eval(TfLiteContext*, TfLiteNode*)	208	static
../TFLite/tensorflow/lite/micro/kernels/quantize.cc:178:20:TfLiteRegistration tflite::Register_QUANTIZE()	8	static
