../TFLite/tensorflow/lite/micro/kernels/reshape.cc:81:14:TfLiteStatus tflite::ops::micro::reshape::Eval(TfLiteContext*, TfLiteNode*)	24	static
../TFLite/tensorflow/lite/micro/kernels/reshape.cc:33:14:TfLiteStatus tflite::ops::micro::reshape::ReshapeOutput(TfLiteContext*, TfLiteNode*)	40	static
../TFLite/tensorflow/lite/micro/kernels/reshape.cc:74:14:TfLiteStatus tflite::ops::micro::reshape::Prepare(TfLiteContext*, TfLiteNode*)	32	static
../TFLite/tensorflow/lite/micro/kernels/reshape.cc:105:20:TfLiteRegistration tflite::ops::micro::Register_RESHAPE()	8	static
