../TFLite/tensorflow/lite/micro/kernels/split_v.cc:74:14:TfLiteStatus tflite::ops::micro::split_v::Prepare(TfLiteContext*, TfLiteNode*)	32	static
../TFLite/tensorflow/lite/micro/kernels/split_v.cc:122:20:TfLiteRegistration tflite::ops::micro::Register_SPLIT_V()	8	static
../TFLite/tensorflow/lite/micro/kernels/split_v.cc:29:14:TfLiteStatus tflite::ops::micro::split_v::SplitImpl(TfLiteContext*, TfLiteNode*, const TfLiteEvalTensor*, int) [with T = float]	64	static
../TFLite/tensorflow/lite/micro/kernels/split_v.cc:29:14:TfLiteStatus tflite::ops::micro::split_v::SplitImpl(TfLiteContext*, TfLiteNode*, const TfLiteEvalTensor*, int) [with T = signed char]	64	static
../TFLite/tensorflow/lite/micro/kernels/split_v.cc:29:14:TfLiteStatus tflite::ops::micro::split_v::SplitImpl(TfLiteContext*, TfLiteNode*, const TfLiteEvalTensor*, int) [with T = short int]	64	static
../TFLite/tensorflow/lite/micro/kernels/split_v.cc:29:14:TfLiteStatus tflite::ops::micro::split_v::SplitImpl(TfLiteContext*, TfLiteNode*, const TfLiteEvalTensor*, int) [with T = long int]	64	static
../TFLite/tensorflow/lite/micro/kernels/split_v.cc:87:14:TfLiteStatus tflite::ops::micro::split_v::Eval(TfLiteContext*, TfLiteNode*)	24	static
