../TFLite/tensorflow/lite/c/common.c:22:5:TfLiteIntArrayGetSizeInBytes	0	static
../TFLite/tensorflow/lite/c/common.c:27:5:TfLiteIntArrayEqual	8	static
../TFLite/tensorflow/lite/c/common.c:33:5:TfLiteIntArrayEqualsArray	8	static
../TFLite/tensorflow/lite/c/common.c:45:17:TfLiteIntArrayCreate	8	static
../TFLite/tensorflow/lite/c/common.c:52:17:TfLiteIntArrayCopy	24	static
../TFLite/tensorflow/lite/c/common.c:61:6:TfLiteIntArrayFree	0	static
../TFLite/tensorflow/lite/c/common.c:65:5:TfLiteFloatArrayGetSizeInBytes	0	static
../TFLite/tensorflow/lite/c/common.c:72:19:TfLiteFloatArrayCreate	8	static
../TFLite/tensorflow/lite/c/common.c:79:6:TfLiteFloatArrayFree	0	static
../TFLite/tensorflow/lite/c/common.c:81:6:TfLiteTensorDataFree	8	static
../TFLite/tensorflow/lite/c/common.c:89:6:TfLiteQuantizationFree	16	static
../TFLite/tensorflow/lite/c/common.c:107:6:TfLiteSparsityFree	16	static
../TFLite/tensorflow/lite/c/common.c:140:6:TfLiteTensorFree	16	static
../TFLite/tensorflow/lite/c/common.c:155:6:TfLiteTensorReset	32	static
../TFLite/tensorflow/lite/c/common.c:175:6:TfLiteTensorRealloc	16	static
../TFLite/tensorflow/lite/c/common.c:190:13:TfLiteTypeGetName	0	static
../TFLite/tensorflow/lite/c/common.c:222:16:TfLiteDelegateCreate	8	static
