../TFLite/tensorflow/lite/micro/kernels/cmsis-nn/depthwise_conv.cc:104:7:void* tflite::{anonymous}::Init(TfLiteContext*, const char*, size_t)	8	static
../TFLite/tensorflow/lite/micro/kernels/cmsis-nn/depthwise_conv.cc:109:14:TfLiteStatus tflite::{anonymous}::Prepare(TfLiteContext*, TfLiteNode*)	272	static
../TFLite/tensorflow/lite/kernels/internal/reference/integer_ops/depthwise_conv.h:22:13:void tflite::reference_integer_ops::DepthwiseConvPerChannel(const tflite::DepthwiseParams&, const int32_t*, const int32_t*, const tflite::RuntimeShape&, const int8_t*, const tflite::RuntimeShape&, const int8_t*, const tflite::RuntimeShape&, const int32_t*, const tflite::RuntimeShape&, int8_t*)	168	static
../TFLite/tensorflow/lite/micro/kernels/cmsis-nn/depthwise_conv.cc:243:6:void tflite::{anonymous}::EvalQuantizedPerChannel(TfLiteContext*, TfLiteNode*, TfLiteDepthwiseConvParams*, tflite::{anonymous}::OpData*, const TfLiteEvalTensor*, const TfLiteEvalTensor*, const TfLiteEvalTensor*, TfLiteEvalTensor*)	440	static
../TFLite/tensorflow/lite/kernels/internal/reference/depthwiseconv_float.h:25:13:void tflite::reference_ops::DepthwiseConv(const tflite::DepthwiseParams&, const tflite::RuntimeShape&, const float*, const tflite::RuntimeShape&, const float*, const tflite::RuntimeShape&, const float*, const tflite::RuntimeShape&, float*)	216	static
../TFLite/tensorflow/lite/micro/kernels/cmsis-nn/depthwise_conv.cc:464:20:TfLiteRegistration tflite::Register_DEPTHWISE_CONV_2D()	8	static
../TFLite/tensorflow/lite/kernels/internal/reference/depthwiseconv_uint8.h:92:22:static void tflite::reference_ops::depthwise_conv::DepthwiseConvBasicKernel<output_rounding>::Run(const tflite::DepthwiseParams&, const tflite::RuntimeShape&, const uint8_t*, const tflite::RuntimeShape&, const uint8_t*, const tflite::RuntimeShape&, const int32_t*, const tflite::RuntimeShape&, uint8_t*) [with tflite::DepthwiseConvOutputRounding output_rounding = tflite::DepthwiseConvOutputRounding::kAwayFromZero]	176	static
../TFLite/tensorflow/lite/micro/kernels/cmsis-nn/depthwise_conv.cc:422:14:TfLiteStatus tflite::{anonymous}::Eval(TfLiteContext*, TfLiteNode*)	536	static
