../TFLite/tensorflow/lite/micro/kernels/cmsis-nn/fully_connected.cc:88:7:void* tflite::{anonymous}::Init(TfLiteContext*, const char*, size_t)	8	static
../TFLite/tensorflow/lite/micro/kernels/cmsis-nn/fully_connected.cc:137:14:TfLiteStatus tflite::{anonymous}::EvalQuantizedInt8(TfLiteContext*, TfLiteNode*, const tflite::{anonymous}::OpData&, const TfLiteEvalTensor*, const TfLiteEvalTensor*, const TfLiteEvalTensor*, TfLiteEvalTensor*)	408	static
../TFLite/tensorflow/lite/micro/kernels/cmsis-nn/fully_connected.cc:343:14:TfLiteStatus tflite::{anonymous}::EvalInt8(TfLiteContext*, TfLiteNode*)	32	static
../TFLite/tensorflow/lite/micro/kernels/cmsis-nn/fully_connected.cc:300:14:TfLiteStatus tflite::{anonymous}::Eval(TfLiteContext*, TfLiteNode*)	416	static
../TFLite/tensorflow/lite/micro/kernels/cmsis-nn/fully_connected.cc:93:14:TfLiteStatus tflite::{anonymous}::Prepare(TfLiteContext*, TfLiteNode*)	128	static
../TFLite/tensorflow/lite/micro/kernels/cmsis-nn/fully_connected.cc:368:20:TfLiteRegistration tflite::Register_FULLY_CONNECTED()	8	static
../TFLite/tensorflow/lite/micro/kernels/cmsis-nn/fully_connected.cc:380:20:TfLiteRegistration tflite::Register_FULLY_CONNECTED_INT8()	8	static
