../TFLite/tensorflow/lite/micro/kernels/cmsis-nn/pooling.cc:261:7:void* tflite::ops::micro::pooling::Init(TfLiteContext*, const char*, size_t)	8	static
../TFLite/tensorflow/lite/micro/kernels/cmsis-nn/pooling.cc:266:14:TfLiteStatus tflite::ops::micro::pooling::MaxPrepare(TfLiteContext*, TfLiteNode*)	40	static
../TFLite/tensorflow/lite/micro/kernels/cmsis-nn/pooling.cc:281:14:TfLiteStatus tflite::ops::micro::pooling::AveragePrepare(TfLiteContext*, TfLiteNode*)	104	static
../TFLite/tensorflow/lite/micro/kernels/cmsis-nn/pooling.cc:343:14:TfLiteStatus tflite::ops::micro::pooling::MaxEval(TfLiteContext*, TfLiteNode*)	424	static
../TFLite/tensorflow/lite/micro/kernels/cmsis-nn/pooling.cc:316:14:TfLiteStatus tflite::ops::micro::pooling::AverageEval(TfLiteContext*, TfLiteNode*)	416	static
../TFLite/tensorflow/lite/micro/kernels/cmsis-nn/pooling.cc:373:20:TfLiteRegistration tflite::ops::micro::Register_AVERAGE_POOL_2D()	8	static
../TFLite/tensorflow/lite/micro/kernels/cmsis-nn/pooling.cc:384:20:TfLiteRegistration tflite::ops::micro::Register_MAX_POOL_2D()	8	static
