../TFLite/tensorflow/lite/micro/kernels/cmsis-nn/svdf.cc:281:7:void* tflite::{anonymous}::Init(TfLiteContext*, const char*, size_t)	8	static
../TFLite/tensorflow/lite/micro/kernels/cmsis-nn/svdf.cc:286:14:TfLiteStatus tflite::{anonymous}::Prepare(TfLiteContext*, TfLiteNode*)	112	static
../TFLite/tensorflow/lite/micro/kernels/cmsis-nn/svdf.cc:419:14:TfLiteStatus tflite::{anonymous}::Eval(TfLiteContext*, TfLiteNode*)	304	static
../TFLite/tensorflow/lite/micro/kernels/cmsis-nn/svdf.cc:465:20:TfLiteRegistration tflite::Register_SVDF()	8	static
